<!DOCTYPE html>
<html>
<head>
    <meta charset="UTF-8">
    <title>Nunjuckr simple test</title>
</head>
<body>

    <h1>This is a simple test for globals in nunjuckr.</h1>

    <h2>This is a global title</h2>

</body>
</html>
