<!DOCTYPE html>
<html>
<head>
    <meta charset="UTF-8">
    <title>Nunjuckr extended test</title>
</head>
<body>

    <h1>This is a extended test for nunjuckr.</h1>

    <h2>I am a template with a deep path!</h2>

</body>
</html>
