<!DOCTYPE html>
<html>
<head>
    <meta charset="UTF-8">
    <title>Nunjuckr markdown test</title>
</head>
<body>

    <h1 id="thisisasimplemarkdownfile">This is a simple markdown file</h1>

<p>This file is a part of a test for grunt-nunjuckr.</p>

</body>
</html>
