<!DOCTYPE html>
<html>
<head>
    <meta charset="UTF-8">
    <title>Nunjuckr markdown test</title>
</head>
<body>

    <h1 id="anothertestfilewritteninmarkdown">Another test file written in markdown</h1>

<p>This is a second test file written in markdown. This file also is a test for grunt-nunjuckr.</p>

</body>
</html>
